
> psico-manager@0.1.0 build
> next build

  Ôû▓ Next.js 14.2.23
  - Environments: .env.local

   Creating an optimized production build ...
 Ô£ô Compiled successfully
   Linting and checking validity of types ...
node.exe : 
No linha:1 caractere:1
+ & "C:\Program 
Files\nodejs/node.exe" 
"C:\Program 
Files\nodejs/node_mo ...
+ ~~~~~~~~~~~~~~~~~~~~~~~~
~~~~~~~~~~~~~~~~~~~~~~~~~~
~~~~~~~~~~~~~~~~~~~
    + CategoryInfo        
      : NotSpecified: (:  
  String) [], RemoteExc   
 eption
    + FullyQualifiedError 
   Id : NativeCommandErr  
  or
 
Failed to compile.

./src/app/agenda/page.tsx
5:52  Error: Unexpected 
any. Specify a different 
type.  @typescript-eslint/
no-explicit-any
6:46  Error: Unexpected 
any. Specify a different 
type.  @typescript-eslint/
no-explicit-any
65:37  Error: Unexpected 
any. Specify a different 
type.  @typescript-eslint/
no-explicit-any
98:9  Error: 
'handleStatusChange' is 
assigned a value but 
never used.  @typescript-e
slint/no-unused-vars
106:46  Error: Unexpected 
any. Specify a different 
type.  @typescript-eslint/
no-explicit-any
189:44  Error: Unexpected 
any. Specify a different 
type.  @typescript-eslint/
no-explicit-any
198:30  Error: Unexpected 
any. Specify a different 
type.  @typescript-eslint/
no-explicit-any

./src/app/api/agenda/route
.ts
11:12  Error: 'e' is 
defined but never used.  @
typescript-eslint/no-unuse
d-vars
30:12  Error: 'e' is 
defined but never used.  @
typescript-eslint/no-unuse
d-vars
52:12  Error: 'e' is 
defined but never used.  @
typescript-eslint/no-unuse
d-vars
67:12  Error: 'e' is 
defined but never used.  @
typescript-eslint/no-unuse
d-vars

./src/app/api/configuracoe
s/route.ts
16:12  Error: 'e' is 
defined but never used.  @
typescript-eslint/no-unuse
d-vars
26:13  Error: '_id' is 
assigned a value but 
never used.  @typescript-e
slint/no-unused-vars
36:12  Error: 'e' is 
defined but never used.  @
typescript-eslint/no-unuse
d-vars

./src/app/api/familia/rout
e.ts
11:12  Error: 'e' is 
defined but never used.  @
typescript-eslint/no-unuse
d-vars
28:12  Error: 'e' is 
defined but never used.  @
typescript-eslint/no-unuse
d-vars
47:12  Error: 'e' is 
defined but never used.  @
typescript-eslint/no-unuse
d-vars
62:12  Error: 'e' is 
defined but never used.  @
typescript-eslint/no-unuse
d-vars

./src/app/api/financeiro/r
oute.ts
15:12  Error: 'e' is 
defined but never used.  @
typescript-eslint/no-unuse
d-vars
33:12  Error: 'e' is 
defined but never used.  @
typescript-eslint/no-unuse
d-vars
50:12  Error: 'e' is 
defined but never used.  @
typescript-eslint/no-unuse
d-vars
65:12  Error: 'e' is 
defined but never used.  @
typescript-eslint/no-unuse
d-vars

./src/app/api/pacientes/ro
ute.ts
11:12  Error: 'e' is 
defined but never used.  @
typescript-eslint/no-unuse
d-vars
29:12  Error: 'e' is 
defined but never used.  @
typescript-eslint/no-unuse
d-vars
37:17  Error: '_id' is 
assigned a value but 
never used.  @typescript-e
slint/no-unused-vars
41:22  Error: Unexpected 
any. Specify a different 
type.  @typescript-eslint/
no-explicit-any
50:12  Error: 'e' is 
defined but never used.  @
typescript-eslint/no-unuse
d-vars
69:12  Error: 'e' is 
defined but never used.  @
typescript-eslint/no-unuse
d-vars

./src/app/api/sessoes/rout
e.ts
17:12  Error: 'e' is 
defined but never used.  @
typescript-eslint/no-unuse
d-vars
34:12  Error: 'e' is 
defined but never used.  @
typescript-eslint/no-unuse
d-vars
51:12  Error: 'e' is 
defined but never used.  @
typescript-eslint/no-unuse
d-vars
66:12  Error: 'e' is 
defined but never used.  @
typescript-eslint/no-unuse
d-vars

./src/app/api/tarefas/rout
e.ts
11:12  Error: 'e' is 
defined but never used.  @
typescript-eslint/no-unuse
d-vars
29:12  Error: 'e' is 
defined but never used.  @
typescript-eslint/no-unuse
d-vars
47:12  Error: 'e' is 
defined but never used.  @
typescript-eslint/no-unuse
d-vars
67:12  Error: 'e' is 
defined but never used.  @
typescript-eslint/no-unuse
d-vars

./src/app/documentos/page.
tsx
5:46  Error: Unexpected 
any. Specify a different 
type.  @typescript-eslint/
no-explicit-any
8:60  Error: Unexpected 
any. Specify a different 
type.  @typescript-eslint/
no-explicit-any
31:42  Error: Unexpected 
any. Specify a different 
type.  @typescript-eslint/
no-explicit-any

./src/app/familia/page.tsx
5:36  Error: Unexpected 
any. Specify a different 
type.  @typescript-eslint/
no-explicit-any
6:46  Error: Unexpected 
any. Specify a different 
type.  @typescript-eslint/
no-explicit-any
48:32  Error: Unexpected 
any. Specify a different 
type.  @typescript-eslint/
no-explicit-any
154:66  Error: `"` can be 
escaped with `&quot;`, 
`&ldquo;`, `&#34;`, 
`&rdquo;`.  react/no-unesc
aped-entities
154:82  Error: `"` can be 
escaped with `&quot;`, 
`&ldquo;`, `&#34;`, 
`&rdquo;`.  react/no-unesc
aped-entities
157:24  Error: Unexpected 
any. Specify a different 
type.  @typescript-eslint/
no-explicit-any

./src/app/financeiro/page.
tsx
10:48  Error: Unexpected 
any. Specify a different 
type.  @typescript-eslint/
no-explicit-any
11:46  Error: Unexpected 
any. Specify a different 
type.  @typescript-eslint/
no-explicit-any
17:66  Error: Unexpected 
any. Specify a different 
type.  @typescript-eslint/
no-explicit-any
100:24  Error: Unexpected 
any. Specify a different 
type.  @typescript-eslint/
no-explicit-any

./src/app/pacientes/page.t
sx
25:49  Error: Unexpected 
any. Specify a different 
type.  @typescript-eslint/
no-explicit-any
94:37  Error: Unexpected 
any. Specify a different 
type.  @typescript-eslint/
no-explicit-any

./src/app/pacientes/[id]/p
age.tsx
7:42  Error: Unexpected 
any. Specify a different 
type.  @typescript-eslint/
no-explicit-any
28:58  Error: Unexpected 
any. Specify a different 
type.  @typescript-eslint/
no-explicit-any
30:58  Error: Unexpected 
any. Specify a different 
type.  @typescript-eslint/
no-explicit-any
49:44  Error: Unexpected 
any. Specify a different 
type.  @typescript-eslint/
no-explicit-any
50:52  Error: Unexpected 
any. Specify a different 
type.  @typescript-eslint/
no-explicit-any
75:59  Error: Unexpected 
any. Specify a different 
type.  @typescript-eslint/
no-explicit-any
81:37  Error: Unexpected 
any. Specify a different 
type.  @typescript-eslint/
no-explicit-any
83:37  Error: Unexpected 
any. Specify a different 
type.  @typescript-eslint/
no-explicit-any
95:6  Warning: React Hook 
useEffect has a missing 
dependency: 
'fetchPatientData'. 
Either include it or 
remove the dependency 
array.  react-hooks/exhaus
tive-deps
174:33  Error: Unexpected 
any. Specify a different 
type.  @typescript-eslint/
no-explicit-any
228:33  Error: Unexpected 
any. Specify a different 
type.  @typescript-eslint/
no-explicit-any
732:63  Error: Unexpected 
any. Specify a different 
type.  @typescript-eslint/
no-explicit-any
817:44  Error: Unexpected 
any. Specify a different 
type.  @typescript-eslint/
no-explicit-any

./src/app/page.tsx
6:46  Error: Unexpected 
any. Specify a different 
type.  @typescript-eslint/
no-explicit-any
7:52  Error: Unexpected 
any. Specify a different 
type.  @typescript-eslint/
no-explicit-any
8:42  Error: Unexpected 
any. Specify a different 
type.  @typescript-eslint/
no-explicit-any
117:39  Error: 'idx' is 
defined but never used.  @
typescript-eslint/no-unuse
d-vars

./src/app/tarefas/page.tsx
5:38  Error: Unexpected 
any. Specify a different 
type.  @typescript-eslint/
no-explicit-any
6:46  Error: Unexpected 
any. Specify a different 
type.  @typescript-eslint/
no-explicit-any
64:33  Error: Unexpected 
any. Specify a different 
type.  @typescript-eslint/
no-explicit-any

./src/components/PatientMo
dal.tsx
7:21  Error: Unexpected 
any. Specify a different 
type.  @typescript-eslint/
no-explicit-any
8:17  Error: Unexpected 
any. Specify a different 
type.  @typescript-eslint/
no-explicit-any

./src/lib/mongodb.ts
14:19  Error: Unexpected 
any. Specify a different 
type.  @typescript-eslint/
no-explicit-any
16:16  Error: Unexpected 
any. Specify a different 
type.  @typescript-eslint/
no-explicit-any
18:30  Error: Unexpected 
any. Specify a different 
type.  @typescript-eslint/
no-explicit-any

info  - Need to disable 
some ESLint rules? Learn 
more here: https://nextjs.
org/docs/basic-features/es
lint#disabling-rules
